<html>
<body>
<pre>
<h1>礦ision Build Log</h1>
<h2>Project:</h2>
G:\项目中心2015\灯笼\软件系统\程序\40ZDB量产优化-低亮度 - BMW\USER\ZX40.uvproj
Project File Date:  11/07/2016

<h2>Output:</h2>
Load "..\\OBJ\\40-BMW-low light.AXF" 
Load "..\\OBJ\\40-BMW-low light.AXF" 
Full Chip Erase Done.
Programming Done.
Verify OK.
Build target 'Target 1'
compiling main.c...
main.c(509): warning:  #223-D: function "rand" declared implicitly
main.c(700): warning:  #223-D: function "clear_disp_ram" declared implicitly
main.c(139): warning:  #177-D: variable "ch" was declared but never referenced
main.c(146): warning:  #177-D: variable "dat2" was declared but never referenced
main.c(147): warning:  #177-D: variable "begin" was declared but never referenced
main.c(149): warning:  #177-D: variable "tmp1" was declared but never referenced
main.c(150): warning:  #177-D: variable "tmp2" was declared but never referenced
main.c(151): warning:  #177-D: variable "indi" was declared but never referenced
main.c(130): warning: C3017W: i may be used before being set
main.c(130): warning: C3017W: j may be used before being set
compiling stm32f10x_it.c...
compiling led.c...
led.c(142): warning:  #177-D: variable "i" was declared but never referenced
led.c(142): warning:  #177-D: variable "j" was declared but never referenced
led.c(399): warning:  #550-D: variable "S_64" was set but never used
led.c(399): warning:  #550-D: variable "S_48" was set but never used
led.c(399): warning:  #550-D: variable "S_32" was set but never used
led.c(399): warning:  #550-D: variable "D_64" was set but never used
led.c(399): warning:  #550-D: variable "D_48" was set but never used
led.c(399): warning:  #550-D: variable "D_32" was set but never used
led.c(401): warning:  #177-D: variable "wVirHigh" was declared but never referenced
led.c(4564): warning:  #177-D: variable "type" was declared but never referenced
led.c(4565): warning: C3017W: n may be used before being set
compiling export.c...
export.c(104): warning:  #177-D: variable "green" was declared but never referenced
export.c(106): warning:  #177-D: variable "disp_n" was declared but never referenced
export.c(177): warning:  #177-D: variable "green" was declared but never referenced
export.c(178): warning:  #550-D: variable "temp" was set but never used
compiling hb.c...
compiling wifi_init.c...
compiling CH374HFT.C...
compiling clock.c...
compiling flash.c...
compiling stmlib.c...
linking...
Program Size: Code=33958 RO-data=1666 RW-data=1380 ZI-data=13548  
FromELF: creating hex file...
User command #1: D:\Keil\ARM\bin\fromelf.exe --bin -o ..\RH-NEW.bin  ..\OBJ\RH-NEW.axf
"..\OBJ\40-BMW-low light.axf" - 0 Error(s), 25 Warning(s).
Load "..\\OBJ\\40-BMW-low light.AXF" 
Full Chip Erase Done.
Programming Done.
Verify OK.
Build target 'Target 1'
compiling main.c...
main.c(509): warning:  #223-D: function "rand" declared implicitly
main.c(700): warning:  #223-D: function "clear_disp_ram" declared implicitly
main.c(946): error:  #20: identifier "ii" is undefined
main.c(139): warning:  #177-D: variable "ch" was declared but never referenced
main.c(146): warning:  #177-D: variable "dat2" was declared but never referenced
main.c(147): warning:  #177-D: variable "begin" was declared but never referenced
main.c(149): warning:  #177-D: variable "tmp1" was declared but never referenced
main.c(150): warning:  #177-D: variable "tmp2" was declared but never referenced
main.c(151): warning:  #177-D: variable "indi" was declared but never referenced
Target not created
Build target 'Target 1'
compiling main.c...
main.c(509): warning:  #223-D: function "rand" declared implicitly
main.c(700): warning:  #223-D: function "clear_disp_ram" declared implicitly
main.c(130): warning: C3017W: i may be used before being set
main.c(130): warning: C3017W: j may be used before being set
main.c(130): warning: C3017W: ii may be used before being set
linking...
Program Size: Code=33902 RO-data=1666 RW-data=1380 ZI-data=13548  
FromELF: creating hex file...
User command #1: D:\Keil\ARM\bin\fromelf.exe --bin -o ..\RH-NEW.bin  ..\OBJ\RH-NEW.axf
"..\OBJ\40-BMW-low light.axf" - 0 Error(s), 5 Warning(s).
Build target 'Target 1'
compiling main.c...
main.c(510): warning:  #223-D: function "rand" declared implicitly
main.c(701): warning:  #223-D: function "clear_disp_ram" declared implicitly
main.c(130): warning:  #177-D: variable "ii" was declared but never referenced
main.c(130): warning: C3017W: i may be used before being set
main.c(130): warning: C3017W: j may be used before being set
linking...
Program Size: Code=33946 RO-data=1666 RW-data=1380 ZI-data=13548  
FromELF: creating hex file...
User command #1: D:\Keil\ARM\bin\fromelf.exe --bin -o ..\RH-NEW.bin  ..\OBJ\RH-NEW.axf
"..\OBJ\40-BMW-low light.axf" - 0 Error(s), 5 Warning(s).
Build target 'Target 1'
compiling main.c...
main.c(510): warning:  #223-D: function "rand" declared implicitly
main.c(701): warning:  #223-D: function "clear_disp_ram" declared implicitly
main.c(130): warning:  #177-D: variable "ii" was declared but never referenced
main.c(130): warning: C3017W: i may be used before being set
main.c(130): warning: C3017W: j may be used before being set
compiling export.c...
export.c(175): warning:  #177-D: variable "i" was declared but never referenced
export.c(207): warning:  #177-D: variable "i" was declared but never referenced
export.c(209): warning:  #177-D: variable "green" was declared but never referenced
export.c(210): warning:  #177-D: variable "temp" was declared but never referenced
linking...
Program Size: Code=33810 RO-data=1666 RW-data=1380 ZI-data=13548  
FromELF: creating hex file...
User command #1: D:\Keil\ARM\bin\fromelf.exe --bin -o ..\RH-NEW.bin  ..\OBJ\RH-NEW.axf
"..\OBJ\40-BMW-low light.axf" - 0 Error(s), 9 Warning(s).
Load "..\\OBJ\\40-BMW-low light.AXF" 
Full Chip Erase Done.
Programming Done.
Verify OK.
Build target 'Target 1'
compiling export.c...
export.c(175): warning:  #177-D: variable "i" was declared but never referenced
export.c(207): warning:  #177-D: variable "i" was declared but never referenced
export.c(209): warning:  #177-D: variable "green" was declared but never referenced
export.c(210): warning:  #177-D: variable "temp" was declared but never referenced
linking...
Program Size: Code=33810 RO-data=1666 RW-data=1380 ZI-data=13548  
FromELF: creating hex file...
User command #1: D:\Keil\ARM\bin\fromelf.exe --bin -o ..\RH-NEW.bin  ..\OBJ\RH-NEW.axf
"..\OBJ\40-BMW-low light.axf" - 0 Error(s), 4 Warning(s).
Load "..\\OBJ\\40-BMW-low light.AXF" 
Full Chip Erase Done.
Programming Done.
Verify OK.
Build target 'Target 1'
linking...
Program Size: Code=33810 RO-data=1666 RW-data=1380 ZI-data=13548  
FromELF: creating hex file...
User command #1: D:\Keil\ARM\bin\fromelf.exe --bin -o ..\RH-NEW.bin  ..\OBJ\RH-NEW.axf
"..\OBJ\40-BMW-low light.axf" - 0 Error(s), 0 Warning(s).
Load "..\\OBJ\\40-BMW-low light.AXF" 
Full Chip Erase Done.
Programming Done.
Verify OK.
Build target 'Target 1'
compiling export.c...
export.c(175): warning:  #177-D: variable "i" was declared but never referenced
export.c(207): warning:  #177-D: variable "i" was declared but never referenced
export.c(209): warning:  #177-D: variable "green" was declared but never referenced
export.c(210): warning:  #177-D: variable "temp" was declared but never referenced
linking...
Program Size: Code=33810 RO-data=1666 RW-data=1380 ZI-data=13548  
FromELF: creating hex file...
User command #1: D:\Keil\ARM\bin\fromelf.exe --bin -o ..\RH-NEW.bin  ..\OBJ\RH-NEW.axf
"..\OBJ\40-BMW-low light.axf" - 0 Error(s), 4 Warning(s).
Load "..\\OBJ\\40-BMW-low light.AXF" 
Full Chip Erase Done.
Programming Done.
Verify OK.
Build target 'Target 1'
compiling export.c...
export.c(175): warning:  #177-D: variable "i" was declared but never referenced
export.c(207): warning:  #177-D: variable "i" was declared but never referenced
export.c(209): warning:  #177-D: variable "green" was declared but never referenced
export.c(210): warning:  #177-D: variable "temp" was declared but never referenced
linking...
Program Size: Code=33810 RO-data=1666 RW-data=1380 ZI-data=13548  
FromELF: creating hex file...
User command #1: D:\Keil\ARM\bin\fromelf.exe --bin -o ..\RH-NEW.bin  ..\OBJ\RH-NEW.axf
"..\OBJ\40-BMW-low light.axf" - 0 Error(s), 4 Warning(s).
Load "..\\OBJ\\40-BMW-low light.AXF" 
Full Chip Erase Done.
Programming Done.
Verify OK.
Build target 'Target 1'
compiling export.c...
export.c(175): warning:  #177-D: variable "i" was declared but never referenced
export.c(207): warning:  #177-D: variable "i" was declared but never referenced
export.c(209): warning:  #177-D: variable "green" was declared but never referenced
export.c(210): warning:  #177-D: variable "temp" was declared but never referenced
linking...
Program Size: Code=33810 RO-data=1666 RW-data=1380 ZI-data=13548  
FromELF: creating hex file...
User command #1: D:\Keil\ARM\bin\fromelf.exe --bin -o ..\RH-NEW.bin  ..\OBJ\RH-NEW.axf
"..\OBJ\40-BMW-low light.axf" - 0 Error(s), 4 Warning(s).
Load "..\\OBJ\\40-BMW-low light.AXF" 
Full Chip Erase Done.
Programming Done.
Verify OK.
Build target 'Target 1'
compiling export.c...
export.c(175): warning:  #177-D: variable "i" was declared but never referenced
export.c(207): warning:  #177-D: variable "i" was declared but never referenced
export.c(209): warning:  #177-D: variable "green" was declared but never referenced
export.c(210): warning:  #177-D: variable "temp" was declared but never referenced
linking...
Program Size: Code=33810 RO-data=1666 RW-data=1380 ZI-data=13548  
FromELF: creating hex file...
User command #1: D:\Keil\ARM\bin\fromelf.exe --bin -o ..\RH-NEW.bin  ..\OBJ\RH-NEW.axf
"..\OBJ\40-BMW-low light.axf" - 0 Error(s), 4 Warning(s).
Load "..\\OBJ\\40-BMW-low light.AXF" 
Full Chip Erase Done.
Programming Done.
Verify OK.
Build target 'Target 1'
compiling main.c...
main.c(515): warning:  #223-D: function "rand" declared implicitly
main.c(706): warning:  #223-D: function "clear_disp_ram" declared implicitly
main.c(130): warning:  #177-D: variable "ii" was declared but never referenced
main.c(130): warning: C3017W: i may be used before being set
main.c(130): warning: C3017W: j may be used before being set
linking...
Program Size: Code=33810 RO-data=1666 RW-data=1380 ZI-data=13548  
FromELF: creating hex file...
User command #1: D:\Keil\ARM\bin\fromelf.exe --bin -o ..\RH-NEW.bin  ..\OBJ\RH-NEW.axf
"..\OBJ\40-BMW-low light.axf" - 0 Error(s), 5 Warning(s).
Load "..\\OBJ\\40-BMW-low light.AXF" 
Full Chip Erase Done.
Programming Done.
Verify OK.
Rebuild target 'Target 1'
compiling main.c...
main.c(515): warning:  #223-D: function "rand" declared implicitly
main.c(706): warning:  #223-D: function "clear_disp_ram" declared implicitly
main.c(130): warning:  #177-D: variable "ii" was declared but never referenced
main.c(130): warning: C3017W: i may be used before being set
main.c(130): warning: C3017W: j may be used before being set
compiling stm32f10x_it.c...
compiling led.c...
led.c(142): warning:  #177-D: variable "i" was declared but never referenced
led.c(142): warning:  #177-D: variable "j" was declared but never referenced
led.c(399): warning:  #550-D: variable "S_64" was set but never used
led.c(399): warning:  #550-D: variable "S_48" was set but never used
led.c(399): warning:  #550-D: variable "S_32" was set but never used
led.c(399): warning:  #550-D: variable "D_64" was set but never used
led.c(399): warning:  #550-D: variable "D_48" was set but never used
led.c(399): warning:  #550-D: variable "D_32" was set but never used
led.c(401): warning:  #177-D: variable "wVirHigh" was declared but never referenced
led.c(4564): warning:  #177-D: variable "type" was declared but never referenced
led.c(4565): warning: C3017W: n may be used before being set
compiling export.c...
export.c(175): warning:  #177-D: variable "i" was declared but never referenced
export.c(207): warning:  #177-D: variable "i" was declared but never referenced
export.c(209): warning:  #177-D: variable "green" was declared but never referenced
export.c(210): warning:  #177-D: variable "temp" was declared but never referenced
compiling hb.c...
compiling wifi_init.c...
compiling CH374HFT.C...
compiling clock.c...
compiling flash.c...
compiling stmlib.c...
assembling startup_stm32f10x_md.s...
linking...
Program Size: Code=33814 RO-data=1666 RW-data=1380 ZI-data=13548  
FromELF: creating hex file...
User command #1: D:\Keil\ARM\bin\fromelf.exe --bin -o ..\RH-NEW.bin  ..\OBJ\RH-NEW.axf
"..\OBJ\40BMW-low light2-2.0.axf" - 0 Error(s), 20 Warning(s).
Build target 'Target 1'
compiling export.c...
linking...
Program Size: Code=33814 RO-data=1666 RW-data=1380 ZI-data=13548  
FromELF: creating hex file...
User command #1: D:\Keil\ARM\bin\fromelf.exe --bin -o ..\RH-NEW.bin  ..\OBJ\RH-NEW.axf
"..\OBJ\40BMW-low light2-2.0.axf" - 0 Error(s), 0 Warning(s).
