<html>
<body>
<pre>
<h1>礦ision Build Log</h1>
<h2>Project:</h2>
G:\项目中心2015\灯笼\软件系统\程序\40-BMW-OK开关机 - 花样随机\USER\ZX40.uvproj
Project File Date:  12/02/2016

<h2>Output:</h2>
Build target 'Target 1'
compiling main.c...
main.c(492): warning:  #223-D: function "rand" declared implicitly
main.c(683): warning:  #223-D: function "clear_disp_ram" declared implicitly
main.c(912): warning:  #223-D: function "rand" declared implicitly
main.c(1067): warning:  #223-D: function "clear_disp_ram" declared implicitly
main.c(1153): warning:  #223-D: function "clear_disp_ram" declared implicitly
main.c(132): warning:  #177-D: variable "ii" was declared but never referenced
main.c(132): warning: C3017W: i may be used before being set
main.c(132): warning: C3017W: j may be used before being set
linking...
Program Size: Code=34546 RO-data=1666 RW-data=1384 ZI-data=13544  
FromELF: creating hex file...
User command #1: D:\Keil\ARM\bin\fromelf.exe --bin -o ..\RH-NEW.bin  ..\OBJ\RH-NEW.axf
"..\OBJ\40-low2-BMW.axf" - 0 Error(s), 8 Warning(s).
Build target 'Target 1'
compiling main.c...
main.c(494): warning:  #223-D: function "rand" declared implicitly
main.c(685): warning:  #223-D: function "clear_disp_ram" declared implicitly
main.c(914): warning:  #223-D: function "rand" declared implicitly
main.c(1069): warning:  #223-D: function "clear_disp_ram" declared implicitly
main.c(1155): warning:  #223-D: function "clear_disp_ram" declared implicitly
main.c(132): warning:  #177-D: variable "ii" was declared but never referenced
main.c(132): warning: C3017W: i may be used before being set
main.c(132): warning: C3017W: j may be used before being set
compiling led.c...
led.c(157): warning:  #177-D: variable "i" was declared but never referenced
led.c(157): warning:  #177-D: variable "j" was declared but never referenced
led.c(439): warning:  #550-D: variable "S_64" was set but never used
led.c(439): warning:  #550-D: variable "S_48" was set but never used
led.c(439): warning:  #550-D: variable "S_32" was set but never used
led.c(439): warning:  #550-D: variable "D_64" was set but never used
led.c(439): warning:  #550-D: variable "D_48" was set but never used
led.c(439): warning:  #550-D: variable "D_32" was set but never used
led.c(441): warning:  #177-D: variable "wVirHigh" was declared but never referenced
led.c(4634): warning:  #177-D: variable "type" was declared but never referenced
led.c(269): warning:  #177-D: function "LEDShowModifyDate" was declared but never referenced
led.c(4635): warning: C3017W: n may be used before being set
linking...
Program Size: Code=34410 RO-data=1666 RW-data=1384 ZI-data=13544  
FromELF: creating hex file...
User command #1: D:\Keil\ARM\bin\fromelf.exe --bin -o ..\RH-NEW.bin  ..\OBJ\RH-NEW.axf
"..\OBJ\40-low2-BMW.axf" - 0 Error(s), 20 Warning(s).
Load "..\\OBJ\\40-low2-BMW.AXF" 
Load "..\\OBJ\\40-low2-BMW.AXF" 
Full Chip Erase Done.
Programming Done.
Verify OK.
Load "..\\OBJ\\40-low2-BMW.AXF" 
Full Chip Erase Done.
Programming Done.
Verify OK.
Build target 'Target 1'
compiling main.c...
main.c(492): warning:  #223-D: function "rand" declared implicitly
main.c(683): warning:  #223-D: function "clear_disp_ram" declared implicitly
main.c(912): warning:  #223-D: function "rand" declared implicitly
main.c(1067): warning:  #223-D: function "clear_disp_ram" declared implicitly
main.c(1153): warning:  #223-D: function "clear_disp_ram" declared implicitly
main.c(131): warning:  #177-D: variable "ii" was declared but never referenced
main.c(131): warning: C3017W: i may be used before being set
main.c(131): warning: C3017W: j may be used before being set
linking...
Program Size: Code=34410 RO-data=1666 RW-data=1384 ZI-data=13544  
FromELF: creating hex file...
User command #1: D:\Keil\ARM\bin\fromelf.exe --bin -o ..\RH-NEW.bin  ..\OBJ\RH-NEW.axf
"..\OBJ\40-low2-BMW.axf" - 0 Error(s), 8 Warning(s).
Load "..\\OBJ\\40-low2-BMW.AXF" 
Full Chip Erase Done.
Programming Done.
Verify OK.
