<html>
<body>
<pre>
<h1>礦ision Build Log</h1>
<h2>Project:</h2>
G:\项目中心2015\灯笼\软件系统\程序\40ZDB量产优化-低亮度 - BMW\USER\ZX40.uvproj
Project File Date:  11/28/2016

<h2>Output:</h2>
Load "..\\OBJ\\40BMW-low light2-2.0" 
_____^
*** error 56: cannot open file
Build target 'Target 1'
linking...
Program Size: Code=33814 RO-data=1666 RW-data=1380 ZI-data=13548  
FromELF: creating hex file...
User command #1: D:\Keil\ARM\bin\fromelf.exe --bin -o ..\RH-NEW.bin  ..\OBJ\RH-NEW.axf
"..\OBJ\40-low2-BMW.axf" - 0 Error(s), 0 Warning(s).
Load "..\\OBJ\\40-low2-BMW.AXF" 
Full Chip Erase Done.
Programming Done.
Verify OK.
